// Jest Snapshot v1, https://goo.gl/fbAQLP

exports[`Should render the expenseListItem component with props 1`] = `
<div>
  <Link
    to="/edit/ioeyuienjdsjaoiihepo"
  >
    <h3>
      Drinks
    </h3>
  </Link>
  <p>
    $67.00
    -
    February 1st, 1970
  </p>
</div>
`;
