// Jest Snapshot v1, https://goo.gl/fbAQLP

exports[`Should render the HelpPage component 1`] = `
<div>
  This is from my help component
</div>
`;
